---
source: tests/models/person/reference/hair_colors.rs
assertion_line: 60
expression: inserted
---
Model {
    id: 0195c81b-d709-7205-b685-690630dbc6a9,
    code: 1,
    alphabet_code: "BLK",
    name: "Black",
    created_at: Some(
        2025-03-24T12:23:43,
    ),
    updated_at: Some(
        2025-03-24T12:23:43,
    ),
    sync_at: None,
    deleted_at: None,
    created_by: None,
    updated_by: None,
}
